<html>
<body>
<pre>
<h1>µVision Build Log</h1>
<h2>Project:</h2>
D:\Dev\Course - edx - EmbeddedSystem\github\EmbeddedSystems_Chapter8\Lab8.uvproj
Project File Date:  03/10/2017

<h2>Output:</h2>
Rebuild target 'Lab8'
assembling startup.s...
compiling SwitchLEDInterface.c...
linking...
Program Size: Code=4100 RO-data=6628 RW-data=56 ZI-data=1752  
".\Lab8.axf" - 0 Error(s), 0 Warning(s).
clude "tm4c123gh6pm.h"
SwitchLEDInterface.c: 0 warnings, 1 error
".\Lab8.axf" - 1 Error(s), 0 Warning(s).
Target not created
Error: Could not load file 'D:\Dev\Course - edx - EmbeddedSystem\github\EmbeddedSystems_Chapter8\Lab8.axf'. Debugger aborted !
